[
  "A OS:SubSurface called 'Back_Space_Roof_Skylight' was found only in the before model",
  "A OS:SubSurface called 'Core_Retail_Roof 1_Skylight' was found only in the before model",
  "A OS:SubSurface called 'Core_Retail_Roof_Skylight' was found only in the before model",
  "A OS:SubSurface called 'Front_Entry_Roof_Skylight' was found only in the before model",
  "A OS:SubSurface called 'Front_Retail_Roof_Skylight' was found only in the before model",
  "A OS:SubSurface called 'Point_Of_Sale_Roof_Skylight' was found only in the before model",
  "A OS:Daylighting:Control called 'Core_Retail daylighting control' was found only in the before model",
  "A OS:Coil:Cooling:DX:SingleSpeed called 'CoilCoolingDXSingleSpeed_dx 1 99kBtu/hr 9.7EER' was found only in the before model",
  "A OS:Coil:Cooling:DX:SingleSpeed called 'CoilCoolingDXSingleSpeed_dx 102kBtu/hr 9.7EER' was found only in the before model",
  "A OS:Coil:Cooling:DX:SingleSpeed called 'CoilCoolingDXSingleSpeed_dx 2 98kBtu/hr 9.7EER' was found only in the before model",
  "A OS:Coil:Cooling:DX:SingleSpeed called 'CoilCoolingDXSingleSpeed_dx 3 14kBtu/hr 14.0SEER' was found only in the before model",
  "A OS:Coil:Cooling:DX:SingleSpeed called 'CoilCoolingDXSingleSpeed_dx 4 415kBtu/hr 8.39EER' was found only in the before model",
  "A OS:Node called 'CoilCoolingDXSingleSpeed_dx 1 99kBtu/hr 9.7EER Outlet Air Node' was found only in the before model",
  "A OS:Node called 'CoilCoolingDXSingleSpeed_dx 102kBtu/hr 9.7EER Outlet Air Node' was found only in the before model",
  "A OS:Node called 'CoilCoolingDXSingleSpeed_dx 2 98kBtu/hr 9.7EER Outlet Air Node' was found only in the before model",
  "A OS:Node called 'CoilCoolingDXSingleSpeed_dx 3 14kBtu/hr 14.0SEER Outlet Air Node' was found only in the before model",
  "A OS:Node called 'CoilCoolingDXSingleSpeed_dx 4 415kBtu/hr 8.39EER Outlet Air Node' was found only in the before model",
  "A OS:Coil:Cooling:DX:SingleSpeed called 'CoilCoolingDXSingleSpeed_dx 1 81kBtu/hr 9.7EER' was found only in the after model",
  "A OS:Coil:Cooling:DX:SingleSpeed called 'CoilCoolingDXSingleSpeed_dx 2 81kBtu/hr 9.7EER' was found only in the after model",
  "A OS:Coil:Cooling:DX:SingleSpeed called 'CoilCoolingDXSingleSpeed_dx 3 12kBtu/hr 14.0SEER' was found only in the after model",
  "A OS:Coil:Cooling:DX:SingleSpeed called 'CoilCoolingDXSingleSpeed_dx 4 284kBtu/hr 8.39EER' was found only in the after model",
  "A OS:Coil:Cooling:DX:SingleSpeed called 'CoilCoolingDXSingleSpeed_dx 85kBtu/hr 9.7EER' was found only in the after model",
  "A OS:Node called 'CoilCoolingDXSingleSpeed_dx 1 81kBtu/hr 9.7EER Outlet Air Node' was found only in the after model",
  "A OS:Node called 'CoilCoolingDXSingleSpeed_dx 2 81kBtu/hr 9.7EER Outlet Air Node' was found only in the after model",
  "A OS:Node called 'CoilCoolingDXSingleSpeed_dx 3 12kBtu/hr 14.0SEER Outlet Air Node' was found only in the after model",
  "A OS:Node called 'CoilCoolingDXSingleSpeed_dx 4 284kBtu/hr 8.39EER Outlet Air Node' was found only in the after model",
  "A OS:Node called 'CoilCoolingDXSingleSpeed_dx 85kBtu/hr 9.7EER Outlet Air Node' was found only in the after model",
  "For OS:ThermalZone called 'ALL_ST=Retail - sales_FL=Building Story 1_SCH=C 2' field 'Fraction of Zone Controlled by Primary Daylighting Control': before model = 1.0, after model = -"
]